501 Red_Potion
502 Orange_Potion
503 Yellow_potion
504 White_Potion
505 Blue_Potion
506 Green_Potion
526 Royal_Jelly
529 Candy
530 Candy_Cane
537 Pet_Food
538 Well-baked_Cookie
539 Piece_of_Cake
603 Old_Blue_Box
617 Old_Purple_Box
644 Xmas_Present
644 Xmas_Present
644 Xmas_Present
644 Xmas_Present
644 Xmas_Present
644 Xmas_Present
644 Xmas_Present
644 Xmas_Present
644 Xmas_Present
644 Xmas_Present
644 Xmas_Present
644 Xmas_Present
644 Xmas_Present
644 Xmas_Present
644 Xmas_Present
644 Xmas_Present
644 Xmas_Present
644 Xmas_Present
644 Xmas_Present
706 Four_Leaf_Clover
714 Emperium
718 Garnet
719 Amethyst
720 Aquamarine
721 Emerald
722 Pearl
723 Ruby
724 Cursed_Ruby
725 Sardonyx
726 Sapphire
727 Opal
728 Topaz
729 Zircon
730 1carat_Diamond
731 2carat_Diamond
732 3carat_Diamond
733 Cracked_Diamond
734 Red_Frame
735 Chung_Jah
736 China
737 Black_Ladle
738 Pencil_Case
739 Rouge
740 Puppet
741 Poring_Doll
742 Chonchon_Doll
743 Spore_Doll
744 Bouquet
745 Wedding_Bouquet
746 Glass_Bead
747 Crystal_Mirror
748 Witherless_Rose
749 Frozen_Rose
750 Baphomet_Doll
751 Osiris_Doll
752 Rocker_Doll
753 Yoyo_Doll
754 Racoon_Doll
756 Rough_Oridecon
756 Rough_Oridecon
756 Rough_Oridecon
756 Rough_Oridecon
756 Rough_Oridecon
757 Rough_Elunium
757 Rough_Elunium
969 Gold
975 Scarlet_Dyestuffs
976 Lemon_Dyestuffs
978 Cobaltblue_Dyestuffs
979 Darkgreen_Dyestuffs
980 Orange_Dyestuffs
981 Violet_Dyestuffs
982 White_Dyestuffs
983 Black_Dyestuffs
984 Oridecon
984 Oridecon
985 Elunium
994 Flame_Heart
995 Mystic_Frozen
996 Rough_Wind
997 Great_Nature
999 Steel
1000 Star_Crumb
1558 Girl's_Diary
4005 Santa_Poring_Card
7034 Red_Socks_with_Holes
